src/components/ui/MagneticButton.tsx(2,18): error TS1484: 'ButtonProps' is a type and must be imported using a type-only import when 'verbatimModuleSyntax' is enabled.
src/components/ui/MagneticButton.tsx(3,22): error TS2307: Cannot find module '../../lib/gsap' or its corresponding type declarations.
src/hooks/useAuth.ts(3,10): error TS1484: 'User' is a type and must be imported using a type-only import when 'verbatimModuleSyntax' is enabled.
src/hooks/useAuth.ts(3,16): error TS1484: 'Session' is a type and must be imported using a type-only import when 'verbatimModuleSyntax' is enabled.
src/pages/app/FileBrowser.tsx(6,1): error TS6133: 'ScepterButton' is declared but its value is never read.
